
==========================================================================
cts final report_tns
--------------------------------------------------------------------------
tns max 0.00

==========================================================================
cts final report_wns
--------------------------------------------------------------------------
wns max 0.00

==========================================================================
cts final report_worst_slack
--------------------------------------------------------------------------
worst slack max INF

==========================================================================
cts final report_clock_min_period
--------------------------------------------------------------------------
VCLK period_min = 0.00 fmax = inf

==========================================================================
cts final report_clock_skew
--------------------------------------------------------------------------
Clock VCLK
No launch/capture paths found.


==========================================================================
cts final report_checks -path_delay min
--------------------------------------------------------------------------
No paths found.

==========================================================================
cts final report_checks -path_delay max
--------------------------------------------------------------------------
No paths found.

==========================================================================
cts final report_checks -unconstrained
--------------------------------------------------------------------------
Startpoint: opcode[0] (input port)
Endpoint: zero (output port)
Path Group: unconstrained
Path Type: max

Fanout     Cap    Slew   Delay    Time   Description
-----------------------------------------------------------------------------
                          0.00    0.00 ^ input external delay
     1    0.00    0.00    0.00    0.00 ^ opcode[0] (in)
                                         opcode[0] (net)
                  0.00    0.00    0.00 ^ input65/A (sky130_fd_sc_hd__buf_4)
    52    0.20    0.53    0.43    0.43 ^ input65/X (sky130_fd_sc_hd__buf_4)
                                         net65 (net)
                  0.53    0.01    0.44 ^ place107/A (sky130_fd_sc_hd__buf_4)
    64    0.27    0.72    0.69    1.13 ^ place107/X (sky130_fd_sc_hd__buf_4)
                                         net107 (net)
                  0.72    0.00    1.13 ^ _1007_/A (sky130_fd_sc_hd__inv_1)
    31    0.15    0.71    0.79    1.92 v _1007_/Y (sky130_fd_sc_hd__inv_1)
                                         _0292_ (net)
                  0.71    0.00    1.92 v _1069_/A (sky130_fd_sc_hd__nand2_2)
    10    0.07    0.42    0.58    2.50 ^ _1069_/Y (sky130_fd_sc_hd__nand2_2)
                                         _0348_ (net)
                  0.42    0.00    2.50 ^ _1085_/B1 (sky130_fd_sc_hd__o221ai_2)
     2    0.01    0.13    0.20    2.70 v _1085_/Y (sky130_fd_sc_hd__o221ai_2)
                                         net97 (net)
                  0.13    0.00    2.70 v _1815_/B (sky130_fd_sc_hd__or4_4)
     1    0.02    0.10    0.57    3.27 v _1815_/X (sky130_fd_sc_hd__or4_4)
                                         _0270_ (net)
                  0.10    0.00    3.27 v _1816_/B1 (sky130_fd_sc_hd__a211oi_2)
     1    0.00    0.15    0.21    3.48 ^ _1816_/Y (sky130_fd_sc_hd__a211oi_2)
                                         _0271_ (net)
                  0.15    0.00    3.48 ^ _1817_/D (sky130_fd_sc_hd__nand4bb_1)
     1    0.01    0.18    0.20    3.68 v _1817_/Y (sky130_fd_sc_hd__nand4bb_1)
                                         _0272_ (net)
                  0.18    0.00    3.68 v _1819_/C (sky130_fd_sc_hd__nor4_2)
     1    0.01    0.36    0.38    4.07 ^ _1819_/Y (sky130_fd_sc_hd__nor4_2)
                                         _0274_ (net)
                  0.36    0.00    4.07 ^ _1821_/C (sky130_fd_sc_hd__nand4b_1)
     1    0.01    0.14    0.19    4.26 v _1821_/Y (sky130_fd_sc_hd__nand4b_1)
                                         _0276_ (net)
                  0.14    0.00    4.26 v _1823_/C (sky130_fd_sc_hd__or4b_1)
     1    0.00    0.08    0.48    4.74 v _1823_/X (sky130_fd_sc_hd__or4b_1)
                                         _0278_ (net)
                  0.08    0.00    4.74 v _1824_/B (sky130_fd_sc_hd__nor2_1)
     1    0.00    0.09    0.10    4.84 ^ _1824_/Y (sky130_fd_sc_hd__nor2_1)
                                         net102 (net)
                  0.09    0.00    4.84 ^ output102/A (sky130_fd_sc_hd__clkdlybuf4s50_1)
     1    0.00    0.04    0.47    5.31 ^ output102/X (sky130_fd_sc_hd__clkdlybuf4s50_1)
                                         zero (net)
                  0.04    0.00    5.31 ^ zero (out)
                                  5.31   data arrival time
-----------------------------------------------------------------------------
(Path is unconstrained)



==========================================================================
cts final report_check_types -max_slew -max_cap -max_fanout -violators
--------------------------------------------------------------------------

==========================================================================
cts final max_slew_check_slack
--------------------------------------------------------------------------
0.22473779320716858

==========================================================================
cts final max_slew_check_limit
--------------------------------------------------------------------------
1.4983500242233276

==========================================================================
cts final max_slew_check_slack_limit
--------------------------------------------------------------------------
0.1500

==========================================================================
cts final max_fanout_check_slack
--------------------------------------------------------------------------
1.0000000150474662e+30

==========================================================================
cts final max_fanout_check_limit
--------------------------------------------------------------------------
1.0000000150474662e+30

==========================================================================
cts final max_capacitance_check_slack
--------------------------------------------------------------------------
0.01408699993044138

==========================================================================
cts final max_capacitance_check_limit
--------------------------------------------------------------------------
0.021067000925540924

==========================================================================
cts final max_capacitance_check_slack_limit
--------------------------------------------------------------------------
0.6687

==========================================================================
cts final max_slew_violation_count
--------------------------------------------------------------------------
max slew violation count 0

==========================================================================
cts final max_fanout_violation_count
--------------------------------------------------------------------------
max fanout violation count 0

==========================================================================
cts final max_cap_violation_count
--------------------------------------------------------------------------
max cap violation count 0

==========================================================================
cts final setup_violation_count
--------------------------------------------------------------------------
setup violation count 0

==========================================================================
cts final hold_violation_count
--------------------------------------------------------------------------
hold violation count 0

==========================================================================
cts final critical path delay
--------------------------------------------------------------------------
-1

==========================================================================
cts final critical path slack
--------------------------------------------------------------------------
0

==========================================================================
cts final slack div critical path delay
--------------------------------------------------------------------------
0.000000

==========================================================================
cts final report_power
--------------------------------------------------------------------------
Group                  Internal  Switching    Leakage      Total
                          Power      Power      Power      Power (Watts)
----------------------------------------------------------------
Sequential             0.00e+00   0.00e+00   0.00e+00   0.00e+00   0.0%
Combinational          1.87e-04   2.42e-04   3.08e-09   4.30e-04 100.0%
Clock                  0.00e+00   0.00e+00   0.00e+00   0.00e+00   0.0%
Macro                  0.00e+00   0.00e+00   0.00e+00   0.00e+00   0.0%
Pad                    0.00e+00   0.00e+00   0.00e+00   0.00e+00   0.0%
----------------------------------------------------------------
Total                  1.87e-04   2.42e-04   3.08e-09   4.30e-04 100.0%
                          43.5%      56.5%       0.0%
