
==========================================================================
finish report_tns
--------------------------------------------------------------------------
tns max 0.00

==========================================================================
finish report_wns
--------------------------------------------------------------------------
wns max 0.00

==========================================================================
finish report_worst_slack
--------------------------------------------------------------------------
worst slack max INF

==========================================================================
finish report_clock_min_period
--------------------------------------------------------------------------
VCLK period_min = 0.00 fmax = inf

==========================================================================
finish report_clock_skew
--------------------------------------------------------------------------
Clock VCLK
No launch/capture paths found.


==========================================================================
finish report_checks -path_delay min
--------------------------------------------------------------------------
No paths found.

==========================================================================
finish report_checks -path_delay max
--------------------------------------------------------------------------
No paths found.

==========================================================================
finish report_checks -unconstrained
--------------------------------------------------------------------------
Startpoint: opcode[0] (input port)
Endpoint: zero (output port)
Path Group: unconstrained
Path Type: max

Fanout     Cap    Slew   Delay    Time   Description
-----------------------------------------------------------------------------
                          0.00    0.00 ^ input external delay
     1    0.00    0.00    0.00    0.00 ^ opcode[0] (in)
                                         opcode[0] (net)
                  0.00    0.00    0.00 ^ input65/A (sky130_fd_sc_hd__buf_4)
    52    0.20    0.54    0.43    0.43 ^ input65/X (sky130_fd_sc_hd__buf_4)
                                         net65 (net)
                  0.54    0.01    0.44 ^ place107/A (sky130_fd_sc_hd__buf_4)
    64    0.26    0.71    0.66    1.10 ^ place107/X (sky130_fd_sc_hd__buf_4)
                                         net107 (net)
                  0.71    0.00    1.11 ^ _1007_/A (sky130_fd_sc_hd__inv_1)
    31    0.16    0.75    0.81    1.92 v _1007_/Y (sky130_fd_sc_hd__inv_1)
                                         _0292_ (net)
                  0.75    0.00    1.92 v _1069_/A (sky130_fd_sc_hd__nand2_2)
    10    0.07    0.43    0.60    2.52 ^ _1069_/Y (sky130_fd_sc_hd__nand2_2)
                                         _0348_ (net)
                  0.43    0.00    2.52 ^ _1085_/B1 (sky130_fd_sc_hd__o221ai_2)
     2    0.01    0.13    0.20    2.72 v _1085_/Y (sky130_fd_sc_hd__o221ai_2)
                                         net97 (net)
                  0.13    0.00    2.72 v _1815_/B (sky130_fd_sc_hd__or4_4)
     1    0.01    0.10    0.57    3.30 v _1815_/X (sky130_fd_sc_hd__or4_4)
                                         _0270_ (net)
                  0.10    0.00    3.30 v _1816_/B1 (sky130_fd_sc_hd__a211oi_2)
     1    0.00    0.15    0.20    3.50 ^ _1816_/Y (sky130_fd_sc_hd__a211oi_2)
                                         _0271_ (net)
                  0.15    0.00    3.50 ^ _1817_/D (sky130_fd_sc_hd__nand4bb_1)
     1    0.01    0.17    0.20    3.70 v _1817_/Y (sky130_fd_sc_hd__nand4bb_1)
                                         _0272_ (net)
                  0.17    0.00    3.70 v _1819_/C (sky130_fd_sc_hd__nor4_2)
     1    0.01    0.33    0.36    4.06 ^ _1819_/Y (sky130_fd_sc_hd__nor4_2)
                                         _0274_ (net)
                  0.33    0.00    4.06 ^ _1821_/C (sky130_fd_sc_hd__nand4b_1)
     1    0.01    0.14    0.19    4.25 v _1821_/Y (sky130_fd_sc_hd__nand4b_1)
                                         _0276_ (net)
                  0.14    0.00    4.25 v _1823_/C (sky130_fd_sc_hd__or4b_1)
     1    0.00    0.08    0.48    4.73 v _1823_/X (sky130_fd_sc_hd__or4b_1)
                                         _0278_ (net)
                  0.08    0.00    4.73 v _1824_/B (sky130_fd_sc_hd__nor2_1)
     1    0.00    0.09    0.10    4.83 ^ _1824_/Y (sky130_fd_sc_hd__nor2_1)
                                         net102 (net)
                  0.09    0.00    4.83 ^ output102/A (sky130_fd_sc_hd__clkdlybuf4s50_1)
     1    0.00    0.03    0.47    5.30 ^ output102/X (sky130_fd_sc_hd__clkdlybuf4s50_1)
                                         zero (net)
                  0.03    0.00    5.30 ^ zero (out)
                                  5.30   data arrival time
-----------------------------------------------------------------------------
(Path is unconstrained)



==========================================================================
finish report_check_types -max_slew -max_cap -max_fanout -violators
--------------------------------------------------------------------------

==========================================================================
finish max_slew_check_slack
--------------------------------------------------------------------------
0.1442045420408249

==========================================================================
finish max_slew_check_limit
--------------------------------------------------------------------------
1.4983500242233276

==========================================================================
finish max_slew_check_slack_limit
--------------------------------------------------------------------------
0.0962

==========================================================================
finish max_fanout_check_slack
--------------------------------------------------------------------------
1.0000000150474662e+30

==========================================================================
finish max_fanout_check_limit
--------------------------------------------------------------------------
1.0000000150474662e+30

==========================================================================
finish max_capacitance_check_slack
--------------------------------------------------------------------------
0.01104900985956192

==========================================================================
finish max_capacitance_check_limit
--------------------------------------------------------------------------
0.0860700011253357

==========================================================================
finish max_capacitance_check_slack_limit
--------------------------------------------------------------------------
0.1284

==========================================================================
finish max_slew_violation_count
--------------------------------------------------------------------------
max slew violation count 0

==========================================================================
finish max_fanout_violation_count
--------------------------------------------------------------------------
max fanout violation count 0

==========================================================================
finish max_cap_violation_count
--------------------------------------------------------------------------
max cap violation count 0

==========================================================================
finish setup_violation_count
--------------------------------------------------------------------------
setup violation count 0

==========================================================================
finish hold_violation_count
--------------------------------------------------------------------------
hold violation count 0

==========================================================================
finish critical path delay
--------------------------------------------------------------------------
-1

==========================================================================
finish critical path slack
--------------------------------------------------------------------------
0

==========================================================================
finish slack div critical path delay
--------------------------------------------------------------------------
0.000000

==========================================================================
finish report_power
--------------------------------------------------------------------------
Group                  Internal  Switching    Leakage      Total
                          Power      Power      Power      Power (Watts)
----------------------------------------------------------------
Sequential             0.00e+00   0.00e+00   0.00e+00   0.00e+00   0.0%
Combinational          1.87e-04   2.46e-04   3.08e-09   4.33e-04 100.0%
Clock                  0.00e+00   0.00e+00   0.00e+00   0.00e+00   0.0%
Macro                  0.00e+00   0.00e+00   0.00e+00   0.00e+00   0.0%
Pad                    0.00e+00   0.00e+00   0.00e+00   0.00e+00   0.0%
----------------------------------------------------------------
Total                  1.87e-04   2.46e-04   3.08e-09   4.33e-04 100.0%
                          43.2%      56.8%       0.0%
